   decode_jwt_hmac   
---------------------
{"aud": "postgresql"}
