   decode_jwt_rsa    
---------------------
{"aud": "postgresql"}
