decode_failure_jwt_hmac
-----------------------
<nil>
